// Jest Snapshot v1, https://goo.gl/fbAQLP

exports[`render Loading 1`] = `
<View
  style={
    Array [
      Object {
        "alignItems": "center",
        "flex": 1,
        "justifyContent": "center",
      },
      undefined,
    ]
  }
>
  <ActivityIndicator
    animating={true}
    color="#43D1DE"
    hidesWhenStopped={true}
    size="small"
  />
</View>
`;
